>>> matrix_mul = __import__('101-lazy_matrix_mul').lazy_matrix_mul

>>> print(matrix_mul([[1, 2], [3, 4]], [[1, 2], [3, 4]]))
[[ 7 10]
 [15 22]]
>>> print(matrix_mul([[1, 2]], [[3, 4], [5, 6]]))
[[13 16]]
>>> print(matrix_mul([[1.2, 2.2], [3.2, 4.2]], [[1, 2], [3, 4]]))
[[ 7.8 11.2]
 [15.8 23.2]]

>>> try:
...     print(matrix_mul("Hello", [1, 2, 3]))
... except Exception as e:
...     print(e)
Scalar operands are not allowed, use '*' instead

>>> try:
...     print(matrix_mul([1, 2, 3], [1, 2, 3]))
... except Exception as e:
...     print(e)
14

>>> try:
...     print(matrix_mul([[1, 2], [3, 2]], [1, 2, 3]))
... except Exception as e:
...     print(e)
shapes (2,2) and (3,) not aligned: 2 (dim 1) != 3 (dim 0)

>>> try:
...     print(matrix_mul([[1, 2], 3, 2], [[1, 2], [3, 5]]))
... except Exception as e:
...     print(e)
setting an array element with a sequence.

>>> try:
...     print(matrix_mul([[1, 2], [3, 2]], "world"))
... except Exception as e:
...     print(e)
Scalar operands are not allowed, use '*' instead

>>> try:
...     print(matrix_mul([[1, 2], ["a", 2]], [[1, 2], [3, 5]]))
... except Exception as e:
...     print(e)
invalid data type for einsum

>>> try:
...     print(matrix_mul([[1, 2], [1, 2]], [[1, 2], ["cat", 5]]))
... except Exception as e:
...     print(e)
invalid data type for einsum

>>> try:
...     print(matrix_mul([], [[1, 2], [3, 5]]))
... except Exception as e:
...     print(e)
shapes (0,) and (2,2) not aligned: 0 (dim 0) != 2 (dim 0)

>>> try:
...     print(matrix_mul([[], [1, 2]], [[1, 2], [3, 5]]))
... except Exception as e:
...     print(e)
setting an array element with a sequence.

>>> try:
...     print(matrix_mul([[1, 2], [1, 2]], [[], [3, 5]]))
... except Exception as e:
...     print(e)
setting an array element with a sequence.

>>> try:
...     print(matrix_mul([[1, 2], [1, 2]], []))
... except Exception as e:
...     print(e)
shapes (2,2) and (0,) not aligned: 2 (dim 1) != 0 (dim 0)

>>> try:
...     print(matrix_mul([[1, 2], [1, 2, 3]], [[1, 2], [1, 2]]))
... except Exception as e:
...     print(e)
setting an array element with a sequence.

>>> try:
...     print(matrix_mul([[1, 2], [1, 2]], [[1, 2, 2], [1, 2]]))
... except Exception as e:
...     print(e)
setting an array element with a sequence.

>>> try:
...     print(matrix_mul([[1, 2, 3], [1, 2, 3]], [[1, 2], [1, 2]]))
... except Exception as e:
...     print(e)
shapes (2,3) and (2,2) not aligned: 3 (dim 1) != 2 (dim 0)
